I'm sorry, but errors were detected in your script. Please correct the
errors listed below, and try again.


File "game/kei_triggerevent.rpy", line 343: end of line expected.
    call demoend with fade
                 ^

Ren'Py Version: Ren'Py 8.0.3.22090809
Tue Dec 17 15:33:17 2024
